Archive member included because of file (symbol)

d:/iti prep/ma/full embedded systems diploma arm/01- imt sdk/imt_sdk_win_64/imt_sdk_win_64/winavr/bin/../lib/gcc/avr/4.3.3/avr5\libgcc.a(_udivmodsi4.o)
                              ./RTOS/RTOS_PRG.o (__udivmodsi4)
d:/iti prep/ma/full embedded systems diploma arm/01- imt sdk/imt_sdk_win_64/imt_sdk_win_64/winavr/bin/../lib/gcc/avr/4.3.3/avr5\libgcc.a(_exit.o)
                              d:/iti prep/ma/full embedded systems diploma arm/01- imt sdk/imt_sdk_win_64/imt_sdk_win_64/winavr/bin/../lib/gcc/avr/4.3.3/../../../../avr/lib/avr5/crtm32.o (exit)
d:/iti prep/ma/full embedded systems diploma arm/01- imt sdk/imt_sdk_win_64/imt_sdk_win_64/winavr/bin/../lib/gcc/avr/4.3.3/avr5\libgcc.a(_copy_data.o)
                              ./DIO/DIO_PRG.o (__do_copy_data)
d:/iti prep/ma/full embedded systems diploma arm/01- imt sdk/imt_sdk_win_64/imt_sdk_win_64/winavr/bin/../lib/gcc/avr/4.3.3/avr5\libgcc.a(_clear_bss.o)
                              ./TIMERS/TIMERS_PRG.o (__do_clear_bss)

Memory Configuration

Name             Origin             Length             Attributes
text             0x00000000         0x00020000         xr
data             0x00800060         0x0000ffa0         rw !x
eeprom           0x00810000         0x00010000         rw !x
fuse             0x00820000         0x00000400         rw !x
lock             0x00830000         0x00000400         rw !x
signature        0x00840000         0x00000400         rw !x
*default*        0x00000000         0xffffffff

Linker script and memory map

LOAD d:/iti prep/ma/full embedded systems diploma arm/01- imt sdk/imt_sdk_win_64/imt_sdk_win_64/winavr/bin/../lib/gcc/avr/4.3.3/../../../../avr/lib/avr5/crtm32.o
LOAD ./TIMERS/TIMERS_PRG.o
LOAD ./RTOS/RTOS_PRG.o
LOAD ./GIE/GIE_PRG.o
LOAD ./DIO/DIO_PRG.o
LOAD ./main.o
LOAD d:/iti prep/ma/full embedded systems diploma arm/01- imt sdk/imt_sdk_win_64/imt_sdk_win_64/winavr/bin/../lib/gcc/avr/4.3.3/avr5\libgcc.a
LOAD d:/iti prep/ma/full embedded systems diploma arm/01- imt sdk/imt_sdk_win_64/imt_sdk_win_64/winavr/bin/../lib/gcc/avr/4.3.3/../../../../avr/lib/avr5\libc.a
LOAD d:/iti prep/ma/full embedded systems diploma arm/01- imt sdk/imt_sdk_win_64/imt_sdk_win_64/winavr/bin/../lib/gcc/avr/4.3.3/avr5\libgcc.a

.hash
 *(.hash)

.dynsym
 *(.dynsym)

.dynstr
 *(.dynstr)

.gnu.version
 *(.gnu.version)

.gnu.version_d
 *(.gnu.version_d)

.gnu.version_r
 *(.gnu.version_r)

.rel.init
 *(.rel.init)

.rela.init
 *(.rela.init)

.rel.text
 *(.rel.text)
 *(.rel.text.*)
 *(.rel.gnu.linkonce.t*)

.rela.text
 *(.rela.text)
 *(.rela.text.*)
 *(.rela.gnu.linkonce.t*)

.rel.fini
 *(.rel.fini)

.rela.fini
 *(.rela.fini)

.rel.rodata
 *(.rel.rodata)
 *(.rel.rodata.*)
 *(.rel.gnu.linkonce.r*)

.rela.rodata
 *(.rela.rodata)
 *(.rela.rodata.*)
 *(.rela.gnu.linkonce.r*)

.rel.data
 *(.rel.data)
 *(.rel.data.*)
 *(.rel.gnu.linkonce.d*)

.rela.data
 *(.rela.data)
 *(.rela.data.*)
 *(.rela.gnu.linkonce.d*)

.rel.ctors
 *(.rel.ctors)

.rela.ctors
 *(.rela.ctors)

.rel.dtors
 *(.rel.dtors)

.rela.dtors
 *(.rela.dtors)

.rel.got
 *(.rel.got)

.rela.got
 *(.rela.got)

.rel.bss
 *(.rel.bss)

.rela.bss
 *(.rela.bss)

.rel.plt
 *(.rel.plt)

.rela.plt
 *(.rela.plt)

.text           0x00000000      0xdc8
 *(.vectors)
 .vectors       0x00000000       0x54 d:/iti prep/ma/full embedded systems diploma arm/01- imt sdk/imt_sdk_win_64/imt_sdk_win_64/winavr/bin/../lib/gcc/avr/4.3.3/../../../../avr/lib/avr5/crtm32.o
                0x00000000                __vectors
                0x00000000                __vector_default
 *(.vectors)
 *(.progmem.gcc*)
 *(.progmem*)
                0x00000054                . = ALIGN (0x2)
                0x00000054                __trampolines_start = .
 *(.trampolines)
 .trampolines   0x00000054        0x0 linker stubs
 *(.trampolines*)
                0x00000054                __trampolines_end = .
 *(.jumptables)
 *(.jumptables*)
 *(.lowtext)
 *(.lowtext*)
                0x00000054                __ctors_start = .
 *(.ctors)
                0x00000054                __ctors_end = .
                0x00000054                __dtors_start = .
 *(.dtors)
                0x00000054                __dtors_end = .
 SORT(*)(.ctors)
 SORT(*)(.dtors)
 *(.init0)
 .init0         0x00000054        0x0 d:/iti prep/ma/full embedded systems diploma arm/01- imt sdk/imt_sdk_win_64/imt_sdk_win_64/winavr/bin/../lib/gcc/avr/4.3.3/../../../../avr/lib/avr5/crtm32.o
                0x00000054                __init
 *(.init0)
 *(.init1)
 *(.init1)
 *(.init2)
 .init2         0x00000054        0xc d:/iti prep/ma/full embedded systems diploma arm/01- imt sdk/imt_sdk_win_64/imt_sdk_win_64/winavr/bin/../lib/gcc/avr/4.3.3/../../../../avr/lib/avr5/crtm32.o
 *(.init2)
 *(.init3)
 *(.init3)
 *(.init4)
 .init4         0x00000060       0x16 d:/iti prep/ma/full embedded systems diploma arm/01- imt sdk/imt_sdk_win_64/imt_sdk_win_64/winavr/bin/../lib/gcc/avr/4.3.3/avr5\libgcc.a(_copy_data.o)
                0x00000060                __do_copy_data
 .init4         0x00000076       0x10 d:/iti prep/ma/full embedded systems diploma arm/01- imt sdk/imt_sdk_win_64/imt_sdk_win_64/winavr/bin/../lib/gcc/avr/4.3.3/avr5\libgcc.a(_clear_bss.o)
                0x00000076                __do_clear_bss
 *(.init4)
 *(.init5)
 *(.init5)
 *(.init6)
 *(.init6)
 *(.init7)
 *(.init7)
 *(.init8)
 *(.init8)
 *(.init9)
 .init9         0x00000086        0x8 d:/iti prep/ma/full embedded systems diploma arm/01- imt sdk/imt_sdk_win_64/imt_sdk_win_64/winavr/bin/../lib/gcc/avr/4.3.3/../../../../avr/lib/avr5/crtm32.o
 *(.init9)
 *(.text)
 .text          0x0000008e        0x4 d:/iti prep/ma/full embedded systems diploma arm/01- imt sdk/imt_sdk_win_64/imt_sdk_win_64/winavr/bin/../lib/gcc/avr/4.3.3/../../../../avr/lib/avr5/crtm32.o
                0x0000008e                __vector_1
                0x0000008e                __vector_12
                0x0000008e                __bad_interrupt
                0x0000008e                __vector_6
                0x0000008e                __vector_3
                0x0000008e                __vector_13
                0x0000008e                __vector_17
                0x0000008e                __vector_19
                0x0000008e                __vector_7
                0x0000008e                __vector_9
                0x0000008e                __vector_2
                0x0000008e                __vector_15
                0x0000008e                __vector_8
                0x0000008e                __vector_14
                0x0000008e                __vector_16
                0x0000008e                __vector_18
                0x0000008e                __vector_20
 .text          0x00000092        0x0 ./TIMERS/TIMERS_PRG.o
 .text          0x00000092        0x0 ./RTOS/RTOS_PRG.o
 .text          0x00000092        0x0 ./GIE/GIE_PRG.o
 .text          0x00000092        0x0 ./DIO/DIO_PRG.o
 .text          0x00000092        0x0 ./main.o
 .text          0x00000092        0x0 d:/iti prep/ma/full embedded systems diploma arm/01- imt sdk/imt_sdk_win_64/imt_sdk_win_64/winavr/bin/../lib/gcc/avr/4.3.3/avr5\libgcc.a(_udivmodsi4.o)
 .text          0x00000092        0x0 d:/iti prep/ma/full embedded systems diploma arm/01- imt sdk/imt_sdk_win_64/imt_sdk_win_64/winavr/bin/../lib/gcc/avr/4.3.3/avr5\libgcc.a(_exit.o)
 .text          0x00000092        0x0 d:/iti prep/ma/full embedded systems diploma arm/01- imt sdk/imt_sdk_win_64/imt_sdk_win_64/winavr/bin/../lib/gcc/avr/4.3.3/avr5\libgcc.a(_copy_data.o)
 .text          0x00000092        0x0 d:/iti prep/ma/full embedded systems diploma arm/01- imt sdk/imt_sdk_win_64/imt_sdk_win_64/winavr/bin/../lib/gcc/avr/4.3.3/avr5\libgcc.a(_clear_bss.o)
                0x00000092                . = ALIGN (0x2)
 *(.text.*)
 .text.Timer_SetPrescaler
                0x00000092       0x7a ./TIMERS/TIMERS_PRG.o
                0x00000092                Timer_SetPrescaler
 .text.Timer_SetWaveMode
                0x0000010c       0xea ./TIMERS/TIMERS_PRG.o
                0x0000010c                Timer_SetWaveMode
 .text.Timer_Init
                0x000001f6       0x2e ./TIMERS/TIMERS_PRG.o
                0x000001f6                Timer_Init
 .text.Timer_SetOverflow_Callback
                0x00000224       0x9c ./TIMERS/TIMERS_PRG.o
                0x00000224                Timer_SetOverflow_Callback
 .text.Timer_SetCTC_Callback
                0x000002c0       0x9c ./TIMERS/TIMERS_PRG.o
                0x000002c0                Timer_SetCTC_Callback
 .text.Timer_SetOVFRegister
                0x0000035c       0x4e ./TIMERS/TIMERS_PRG.o
                0x0000035c                Timer_SetOVFRegister
 .text.Timer_SetCTCRegister
                0x000003aa       0x4e ./TIMERS/TIMERS_PRG.o
                0x000003aa                Timer_SetCTCRegister
 .text.__vector_11
                0x000003f8       0x66 ./TIMERS/TIMERS_PRG.o
                0x000003f8                __vector_11
 .text.__vector_10
                0x0000045e       0x66 ./TIMERS/TIMERS_PRG.o
                0x0000045e                __vector_10
 .text.__vector_5
                0x000004c4       0x66 ./TIMERS/TIMERS_PRG.o
                0x000004c4                __vector_5
 .text.__vector_4
                0x0000052a       0x66 ./TIMERS/TIMERS_PRG.o
                0x0000052a                __vector_4
 .text.RTOS_Start
                0x00000590       0x30 ./RTOS/RTOS_PRG.o
                0x00000590                RTOS_Start
 .text.RTOS_CreateTask
                0x000005c0       0x82 ./RTOS/RTOS_PRG.o
                0x000005c0                RTOS_CreateTask
 .text.RTOS_SuspendTask
                0x00000642       0x2c ./RTOS/RTOS_PRG.o
                0x00000642                RTOS_SuspendTask
 .text.RTOS_ResumeTask
                0x0000066e       0x2a ./RTOS/RTOS_PRG.o
                0x0000066e                RTOS_ResumeTask
 .text.Scheduler
                0x00000698       0xfe ./RTOS/RTOS_PRG.o
                0x00000698                Scheduler
 .text.GIE_Enable
                0x00000796       0x1c ./GIE/GIE_PRG.o
                0x00000796                GIE_Enable
 .text.GIE_Disable
                0x000007b2       0x1c ./GIE/GIE_PRG.o
                0x000007b2                GIE_Disable
 .text.DIO_setPinDirection
                0x000007ce      0x146 ./DIO/DIO_PRG.o
                0x000007ce                DIO_setPinDirection
 .text.getPinNumber
                0x00000914       0x6a ./DIO/DIO_PRG.o
 .text.getPortNumber
                0x0000097e       0x5c ./DIO/DIO_PRG.o
 .text.DIO_setPinValue
                0x000009da       0xfa ./DIO/DIO_PRG.o
                0x000009da                DIO_setPinValue
 .text.DIO_getPinValue
                0x00000ad4       0x72 ./DIO/DIO_PRG.o
                0x00000ad4                DIO_getPinValue
 .text.DIO_setPortDirection
                0x00000b46       0xb6 ./DIO/DIO_PRG.o
                0x00000b46                DIO_setPortDirection
 .text.DIO_setPortValue
                0x00000bfc       0x48 ./DIO/DIO_PRG.o
                0x00000bfc                DIO_setPortValue
 .text.main     0x00000c44       0xfa ./main.o
                0x00000c44                main
 .text.task1    0x00000d3e       0x16 ./main.o
                0x00000d3e                task1
 .text.task2    0x00000d54       0x16 ./main.o
                0x00000d54                task2
 .text.task3    0x00000d6a       0x16 ./main.o
                0x00000d6a                task3
 .text.libgcc   0x00000d80       0x44 d:/iti prep/ma/full embedded systems diploma arm/01- imt sdk/imt_sdk_win_64/imt_sdk_win_64/winavr/bin/../lib/gcc/avr/4.3.3/avr5\libgcc.a(_udivmodsi4.o)
                0x00000d80                __udivmodsi4
 .text.libgcc   0x00000dc4        0x0 d:/iti prep/ma/full embedded systems diploma arm/01- imt sdk/imt_sdk_win_64/imt_sdk_win_64/winavr/bin/../lib/gcc/avr/4.3.3/avr5\libgcc.a(_exit.o)
 .text.libgcc   0x00000dc4        0x0 d:/iti prep/ma/full embedded systems diploma arm/01- imt sdk/imt_sdk_win_64/imt_sdk_win_64/winavr/bin/../lib/gcc/avr/4.3.3/avr5\libgcc.a(_copy_data.o)
 .text.libgcc   0x00000dc4        0x0 d:/iti prep/ma/full embedded systems diploma arm/01- imt sdk/imt_sdk_win_64/imt_sdk_win_64/winavr/bin/../lib/gcc/avr/4.3.3/avr5\libgcc.a(_clear_bss.o)
                0x00000dc4                . = ALIGN (0x2)
 *(.fini9)
 .fini9         0x00000dc4        0x0 d:/iti prep/ma/full embedded systems diploma arm/01- imt sdk/imt_sdk_win_64/imt_sdk_win_64/winavr/bin/../lib/gcc/avr/4.3.3/avr5\libgcc.a(_exit.o)
                0x00000dc4                exit
                0x00000dc4                _exit
 *(.fini9)
 *(.fini8)
 *(.fini8)
 *(.fini7)
 *(.fini7)
 *(.fini6)
 *(.fini6)
 *(.fini5)
 *(.fini5)
 *(.fini4)
 *(.fini4)
 *(.fini3)
 *(.fini3)
 *(.fini2)
 *(.fini2)
 *(.fini1)
 *(.fini1)
 *(.fini0)
 .fini0         0x00000dc4        0x4 d:/iti prep/ma/full embedded systems diploma arm/01- imt sdk/imt_sdk_win_64/imt_sdk_win_64/winavr/bin/../lib/gcc/avr/4.3.3/avr5\libgcc.a(_exit.o)
 *(.fini0)
                0x00000dc8                _etext = .

.data           0x00800060       0x28 load address 0x00000dc8
                0x00800060                PROVIDE (__data_start, .)
 *(.data)
 .data          0x00800060        0x0 d:/iti prep/ma/full embedded systems diploma arm/01- imt sdk/imt_sdk_win_64/imt_sdk_win_64/winavr/bin/../lib/gcc/avr/4.3.3/../../../../avr/lib/avr5/crtm32.o
 .data          0x00800060        0x0 ./TIMERS/TIMERS_PRG.o
 .data          0x00800060        0x0 ./RTOS/RTOS_PRG.o
 .data          0x00800060        0x0 ./GIE/GIE_PRG.o
 .data          0x00800060        0x0 ./DIO/DIO_PRG.o
 .data          0x00800060        0x0 ./main.o
 .data          0x00800060        0x0 d:/iti prep/ma/full embedded systems diploma arm/01- imt sdk/imt_sdk_win_64/imt_sdk_win_64/winavr/bin/../lib/gcc/avr/4.3.3/avr5\libgcc.a(_udivmodsi4.o)
 .data          0x00800060        0x0 d:/iti prep/ma/full embedded systems diploma arm/01- imt sdk/imt_sdk_win_64/imt_sdk_win_64/winavr/bin/../lib/gcc/avr/4.3.3/avr5\libgcc.a(_exit.o)
 .data          0x00800060        0x0 d:/iti prep/ma/full embedded systems diploma arm/01- imt sdk/imt_sdk_win_64/imt_sdk_win_64/winavr/bin/../lib/gcc/avr/4.3.3/avr5\libgcc.a(_copy_data.o)
 .data          0x00800060        0x0 d:/iti prep/ma/full embedded systems diploma arm/01- imt sdk/imt_sdk_win_64/imt_sdk_win_64/winavr/bin/../lib/gcc/avr/4.3.3/avr5\libgcc.a(_clear_bss.o)
 *(.data*)
 .data.DIO_Registers
                0x00800060       0x18 ./DIO/DIO_PRG.o
                0x00800060                DIO_Registers
 *(.rodata)
 *(.rodata*)
 .rodata.C.2.1279
                0x00800078        0x5 ./main.o
 .rodata.C.1.1278
                0x0080007d        0x5 ./main.o
 .rodata.C.0.1277
                0x00800082        0x5 ./main.o
 *(.gnu.linkonce.d*)
                0x00800088                . = ALIGN (0x2)
 *fill*         0x00800087        0x1 00
                0x00800088                _edata = .
                0x00800088                PROVIDE (__data_end, .)

.bss            0x00800088       0x1e
                0x00800088                PROVIDE (__bss_start, .)
 *(.bss)
 .bss           0x00800088        0x0 d:/iti prep/ma/full embedded systems diploma arm/01- imt sdk/imt_sdk_win_64/imt_sdk_win_64/winavr/bin/../lib/gcc/avr/4.3.3/../../../../avr/lib/avr5/crtm32.o
 .bss           0x00800088        0x0 ./TIMERS/TIMERS_PRG.o
 .bss           0x00800088        0x0 ./RTOS/RTOS_PRG.o
 .bss           0x00800088        0x0 ./GIE/GIE_PRG.o
 .bss           0x00800088        0x0 ./DIO/DIO_PRG.o
 .bss           0x00800088        0x0 ./main.o
 .bss           0x00800088        0x0 d:/iti prep/ma/full embedded systems diploma arm/01- imt sdk/imt_sdk_win_64/imt_sdk_win_64/winavr/bin/../lib/gcc/avr/4.3.3/avr5\libgcc.a(_udivmodsi4.o)
 .bss           0x00800088        0x0 d:/iti prep/ma/full embedded systems diploma arm/01- imt sdk/imt_sdk_win_64/imt_sdk_win_64/winavr/bin/../lib/gcc/avr/4.3.3/avr5\libgcc.a(_exit.o)
 .bss           0x00800088        0x0 d:/iti prep/ma/full embedded systems diploma arm/01- imt sdk/imt_sdk_win_64/imt_sdk_win_64/winavr/bin/../lib/gcc/avr/4.3.3/avr5\libgcc.a(_copy_data.o)
 .bss           0x00800088        0x0 d:/iti prep/ma/full embedded systems diploma arm/01- imt sdk/imt_sdk_win_64/imt_sdk_win_64/winavr/bin/../lib/gcc/avr/4.3.3/avr5\libgcc.a(_clear_bss.o)
 *(.bss*)
 .bss.TIMERS_NORMAL_ISR
                0x00800088        0x4 ./TIMERS/TIMERS_PRG.o
                0x00800088                TIMERS_NORMAL_ISR
 .bss.TIMERS_CTC_ISR
                0x0080008c        0x4 ./TIMERS/TIMERS_PRG.o
                0x0080008c                TIMERS_CTC_ISR
 .bss.SystemsTasks
                0x00800090        0xf ./RTOS/RTOS_PRG.o
                0x00800090                SystemsTasks
 .bss.SuspendedTasks
                0x0080009f        0x3 ./RTOS/RTOS_PRG.o
                0x0080009f                SuspendedTasks
 .bss.tickCounter.1273
                0x008000a2        0x4 ./RTOS/RTOS_PRG.o
 *(COMMON)
                0x008000a6                PROVIDE (__bss_end, .)
                0x00000dc8                __data_load_start = LOADADDR (.data)
                0x00000df0                __data_load_end = (__data_load_start + SIZEOF (.data))

.noinit         0x008000a6        0x0
                0x008000a6                PROVIDE (__noinit_start, .)
 *(.noinit*)
                0x008000a6                PROVIDE (__noinit_end, .)
                0x008000a6                _end = .
                0x008000a6                PROVIDE (__heap_start, .)

.eeprom         0x00810000        0x0
 *(.eeprom*)
                0x00810000                __eeprom_end = .

.fuse
 *(.fuse)
 *(.lfuse)
 *(.hfuse)
 *(.efuse)

.lock
 *(.lock*)

.signature
 *(.signature*)

.stab           0x00000000     0x141c
 *(.stab)
 .stab          0x00000000      0x60c ./TIMERS/TIMERS_PRG.o
 .stab          0x0000060c      0x3b4 ./RTOS/RTOS_PRG.o
                                0x3c0 (size before relaxing)
 .stab          0x000009c0      0x198 ./GIE/GIE_PRG.o
                                0x1a4 (size before relaxing)
 .stab          0x00000b58      0x618 ./DIO/DIO_PRG.o
                                0x624 (size before relaxing)
 .stab          0x00001170      0x2ac ./main.o
                                0x348 (size before relaxing)

.stabstr        0x00000000      0xc9b
 *(.stabstr)
 .stabstr       0x00000000      0xc9b ./TIMERS/TIMERS_PRG.o

.stab.excl
 *(.stab.excl)

.stab.exclstr
 *(.stab.exclstr)

.stab.index
 *(.stab.index)

.stab.indexstr
 *(.stab.indexstr)

.comment
 *(.comment)

.debug
 *(.debug)

.line
 *(.line)

.debug_srcinfo
 *(.debug_srcinfo)

.debug_sfnames
 *(.debug_sfnames)

.debug_aranges
 *(.debug_aranges)

.debug_pubnames
 *(.debug_pubnames)

.debug_info
 *(.debug_info)
 *(.gnu.linkonce.wi.*)

.debug_abbrev
 *(.debug_abbrev)

.debug_line
 *(.debug_line)

.debug_frame
 *(.debug_frame)

.debug_str
 *(.debug_str)

.debug_loc
 *(.debug_loc)

.debug_macinfo
 *(.debug_macinfo)
OUTPUT(RTOS_TEST.elf elf32-avr)
LOAD linker stubs
