Archive member included because of file (symbol)

d:/iti prep/ma/full embedded systems diploma arm/01- imt sdk/imt_sdk_win_64/imt_sdk_win_64/winavr/bin/../lib/gcc/avr/4.3.3/avr5\libgcc.a(_exit.o)
                              d:/iti prep/ma/full embedded systems diploma arm/01- imt sdk/imt_sdk_win_64/imt_sdk_win_64/winavr/bin/../lib/gcc/avr/4.3.3/../../../../avr/lib/avr5/crtm32.o (exit)
d:/iti prep/ma/full embedded systems diploma arm/01- imt sdk/imt_sdk_win_64/imt_sdk_win_64/winavr/bin/../lib/gcc/avr/4.3.3/avr5\libgcc.a(_copy_data.o)
                              ./DIO/DIO_PRG.o (__do_copy_data)
d:/iti prep/ma/full embedded systems diploma arm/01- imt sdk/imt_sdk_win_64/imt_sdk_win_64/winavr/bin/../lib/gcc/avr/4.3.3/avr5\libgcc.a(_clear_bss.o)
                              ./TIMERS/TIMERS_PRG.o (__do_clear_bss)
d:/iti prep/ma/full embedded systems diploma arm/01- imt sdk/imt_sdk_win_64/imt_sdk_win_64/winavr/bin/../lib/gcc/avr/4.3.3/avr5\libgcc.a(_umoddi3.o)
                              ./RTOS/RTOS_PRG.o (__umoddi3)
d:/iti prep/ma/full embedded systems diploma arm/01- imt sdk/imt_sdk_win_64/imt_sdk_win_64/winavr/bin/../lib/gcc/avr/4.3.3/avr5\libgcc.a(_mulsi3.o)
                              d:/iti prep/ma/full embedded systems diploma arm/01- imt sdk/imt_sdk_win_64/imt_sdk_win_64/winavr/bin/../lib/gcc/avr/4.3.3/avr5\libgcc.a(_umoddi3.o) (__mulsi3)
d:/iti prep/ma/full embedded systems diploma arm/01- imt sdk/imt_sdk_win_64/imt_sdk_win_64/winavr/bin/../lib/gcc/avr/4.3.3/avr5\libgcc.a(_udivmodsi4.o)
                              d:/iti prep/ma/full embedded systems diploma arm/01- imt sdk/imt_sdk_win_64/imt_sdk_win_64/winavr/bin/../lib/gcc/avr/4.3.3/avr5\libgcc.a(_umoddi3.o) (__udivmodsi4)
d:/iti prep/ma/full embedded systems diploma arm/01- imt sdk/imt_sdk_win_64/imt_sdk_win_64/winavr/bin/../lib/gcc/avr/4.3.3/avr5\libgcc.a(_prologue.o)
                              d:/iti prep/ma/full embedded systems diploma arm/01- imt sdk/imt_sdk_win_64/imt_sdk_win_64/winavr/bin/../lib/gcc/avr/4.3.3/avr5\libgcc.a(_umoddi3.o) (__prologue_saves__)
d:/iti prep/ma/full embedded systems diploma arm/01- imt sdk/imt_sdk_win_64/imt_sdk_win_64/winavr/bin/../lib/gcc/avr/4.3.3/avr5\libgcc.a(_epilogue.o)
                              d:/iti prep/ma/full embedded systems diploma arm/01- imt sdk/imt_sdk_win_64/imt_sdk_win_64/winavr/bin/../lib/gcc/avr/4.3.3/avr5\libgcc.a(_umoddi3.o) (__epilogue_restores__)
d:/iti prep/ma/full embedded systems diploma arm/01- imt sdk/imt_sdk_win_64/imt_sdk_win_64/winavr/bin/../lib/gcc/avr/4.3.3/avr5\libgcc.a(_clz.o)
                              d:/iti prep/ma/full embedded systems diploma arm/01- imt sdk/imt_sdk_win_64/imt_sdk_win_64/winavr/bin/../lib/gcc/avr/4.3.3/avr5\libgcc.a(_umoddi3.o) (__clz_tab)

Memory Configuration

Name             Origin             Length             Attributes
text             0x00000000         0x00020000         xr
data             0x00800060         0x0000ffa0         rw !x
eeprom           0x00810000         0x00010000         rw !x
fuse             0x00820000         0x00000400         rw !x
lock             0x00830000         0x00000400         rw !x
signature        0x00840000         0x00000400         rw !x
*default*        0x00000000         0xffffffff

Linker script and memory map

LOAD d:/iti prep/ma/full embedded systems diploma arm/01- imt sdk/imt_sdk_win_64/imt_sdk_win_64/winavr/bin/../lib/gcc/avr/4.3.3/../../../../avr/lib/avr5/crtm32.o
LOAD ./TIMERS/TIMERS_PRG.o
LOAD ./RTOS/RTOS_PRG.o
LOAD ./GIE/GIE_PRG.o
LOAD ./DIO/DIO_PRG.o
LOAD ./main.o
LOAD d:/iti prep/ma/full embedded systems diploma arm/01- imt sdk/imt_sdk_win_64/imt_sdk_win_64/winavr/bin/../lib/gcc/avr/4.3.3/avr5\libgcc.a
LOAD d:/iti prep/ma/full embedded systems diploma arm/01- imt sdk/imt_sdk_win_64/imt_sdk_win_64/winavr/bin/../lib/gcc/avr/4.3.3/../../../../avr/lib/avr5\libc.a
LOAD d:/iti prep/ma/full embedded systems diploma arm/01- imt sdk/imt_sdk_win_64/imt_sdk_win_64/winavr/bin/../lib/gcc/avr/4.3.3/avr5\libgcc.a

.hash
 *(.hash)

.dynsym
 *(.dynsym)

.dynstr
 *(.dynstr)

.gnu.version
 *(.gnu.version)

.gnu.version_d
 *(.gnu.version_d)

.gnu.version_r
 *(.gnu.version_r)

.rel.init
 *(.rel.init)

.rela.init
 *(.rela.init)

.rel.text
 *(.rel.text)
 *(.rel.text.*)
 *(.rel.gnu.linkonce.t*)

.rela.text
 *(.rela.text)
 *(.rela.text.*)
 *(.rela.gnu.linkonce.t*)

.rel.fini
 *(.rel.fini)

.rela.fini
 *(.rela.fini)

.rel.rodata
 *(.rel.rodata)
 *(.rel.rodata.*)
 *(.rel.gnu.linkonce.r*)

.rela.rodata
 *(.rela.rodata)
 *(.rela.rodata.*)
 *(.rela.gnu.linkonce.r*)

.rel.data
 *(.rel.data)
 *(.rel.data.*)
 *(.rel.gnu.linkonce.d*)

.rela.data
 *(.rela.data)
 *(.rela.data.*)
 *(.rela.gnu.linkonce.d*)

.rel.ctors
 *(.rel.ctors)

.rela.ctors
 *(.rela.ctors)

.rel.dtors
 *(.rel.dtors)

.rela.dtors
 *(.rela.dtors)

.rel.got
 *(.rel.got)

.rela.got
 *(.rela.got)

.rel.bss
 *(.rel.bss)

.rela.bss
 *(.rela.bss)

.rel.plt
 *(.rel.plt)

.rela.plt
 *(.rela.plt)

.text           0x00000000     0x1538
 *(.vectors)
 .vectors       0x00000000       0x54 d:/iti prep/ma/full embedded systems diploma arm/01- imt sdk/imt_sdk_win_64/imt_sdk_win_64/winavr/bin/../lib/gcc/avr/4.3.3/../../../../avr/lib/avr5/crtm32.o
                0x00000000                __vectors
                0x00000000                __vector_default
 *(.vectors)
 *(.progmem.gcc*)
 *(.progmem*)
                0x00000054                . = ALIGN (0x2)
                0x00000054                __trampolines_start = .
 *(.trampolines)
 .trampolines   0x00000054        0x0 linker stubs
 *(.trampolines*)
                0x00000054                __trampolines_end = .
 *(.jumptables)
 *(.jumptables*)
 *(.lowtext)
 *(.lowtext*)
                0x00000054                __ctors_start = .
 *(.ctors)
                0x00000054                __ctors_end = .
                0x00000054                __dtors_start = .
 *(.dtors)
                0x00000054                __dtors_end = .
 SORT(*)(.ctors)
 SORT(*)(.dtors)
 *(.init0)
 .init0         0x00000054        0x0 d:/iti prep/ma/full embedded systems diploma arm/01- imt sdk/imt_sdk_win_64/imt_sdk_win_64/winavr/bin/../lib/gcc/avr/4.3.3/../../../../avr/lib/avr5/crtm32.o
                0x00000054                __init
 *(.init0)
 *(.init1)
 *(.init1)
 *(.init2)
 .init2         0x00000054        0xc d:/iti prep/ma/full embedded systems diploma arm/01- imt sdk/imt_sdk_win_64/imt_sdk_win_64/winavr/bin/../lib/gcc/avr/4.3.3/../../../../avr/lib/avr5/crtm32.o
 *(.init2)
 *(.init3)
 *(.init3)
 *(.init4)
 .init4         0x00000060       0x16 d:/iti prep/ma/full embedded systems diploma arm/01- imt sdk/imt_sdk_win_64/imt_sdk_win_64/winavr/bin/../lib/gcc/avr/4.3.3/avr5\libgcc.a(_copy_data.o)
                0x00000060                __do_copy_data
 .init4         0x00000076       0x10 d:/iti prep/ma/full embedded systems diploma arm/01- imt sdk/imt_sdk_win_64/imt_sdk_win_64/winavr/bin/../lib/gcc/avr/4.3.3/avr5\libgcc.a(_clear_bss.o)
                0x00000076                __do_clear_bss
 *(.init4)
 *(.init5)
 *(.init5)
 *(.init6)
 *(.init6)
 *(.init7)
 *(.init7)
 *(.init8)
 *(.init8)
 *(.init9)
 .init9         0x00000086        0x8 d:/iti prep/ma/full embedded systems diploma arm/01- imt sdk/imt_sdk_win_64/imt_sdk_win_64/winavr/bin/../lib/gcc/avr/4.3.3/../../../../avr/lib/avr5/crtm32.o
 *(.init9)
 *(.text)
 .text          0x0000008e        0x4 d:/iti prep/ma/full embedded systems diploma arm/01- imt sdk/imt_sdk_win_64/imt_sdk_win_64/winavr/bin/../lib/gcc/avr/4.3.3/../../../../avr/lib/avr5/crtm32.o
                0x0000008e                __vector_1
                0x0000008e                __vector_12
                0x0000008e                __bad_interrupt
                0x0000008e                __vector_6
                0x0000008e                __vector_3
                0x0000008e                __vector_13
                0x0000008e                __vector_17
                0x0000008e                __vector_19
                0x0000008e                __vector_7
                0x0000008e                __vector_9
                0x0000008e                __vector_2
                0x0000008e                __vector_15
                0x0000008e                __vector_8
                0x0000008e                __vector_14
                0x0000008e                __vector_16
                0x0000008e                __vector_18
                0x0000008e                __vector_20
 .text          0x00000092        0x0 ./TIMERS/TIMERS_PRG.o
 .text          0x00000092        0x0 ./RTOS/RTOS_PRG.o
 .text          0x00000092        0x0 ./GIE/GIE_PRG.o
 .text          0x00000092        0x0 ./DIO/DIO_PRG.o
 .text          0x00000092        0x0 ./main.o
 .text          0x00000092        0x0 d:/iti prep/ma/full embedded systems diploma arm/01- imt sdk/imt_sdk_win_64/imt_sdk_win_64/winavr/bin/../lib/gcc/avr/4.3.3/avr5\libgcc.a(_exit.o)
 .text          0x00000092        0x0 d:/iti prep/ma/full embedded systems diploma arm/01- imt sdk/imt_sdk_win_64/imt_sdk_win_64/winavr/bin/../lib/gcc/avr/4.3.3/avr5\libgcc.a(_copy_data.o)
 .text          0x00000092        0x0 d:/iti prep/ma/full embedded systems diploma arm/01- imt sdk/imt_sdk_win_64/imt_sdk_win_64/winavr/bin/../lib/gcc/avr/4.3.3/avr5\libgcc.a(_clear_bss.o)
 .text          0x00000092      0xce0 d:/iti prep/ma/full embedded systems diploma arm/01- imt sdk/imt_sdk_win_64/imt_sdk_win_64/winavr/bin/../lib/gcc/avr/4.3.3/avr5\libgcc.a(_umoddi3.o)
                0x00000092                __umoddi3
 .text          0x00000d72        0x0 d:/iti prep/ma/full embedded systems diploma arm/01- imt sdk/imt_sdk_win_64/imt_sdk_win_64/winavr/bin/../lib/gcc/avr/4.3.3/avr5\libgcc.a(_mulsi3.o)
 .text          0x00000d72        0x0 d:/iti prep/ma/full embedded systems diploma arm/01- imt sdk/imt_sdk_win_64/imt_sdk_win_64/winavr/bin/../lib/gcc/avr/4.3.3/avr5\libgcc.a(_udivmodsi4.o)
 .text          0x00000d72        0x0 d:/iti prep/ma/full embedded systems diploma arm/01- imt sdk/imt_sdk_win_64/imt_sdk_win_64/winavr/bin/../lib/gcc/avr/4.3.3/avr5\libgcc.a(_prologue.o)
 .text          0x00000d72        0x0 d:/iti prep/ma/full embedded systems diploma arm/01- imt sdk/imt_sdk_win_64/imt_sdk_win_64/winavr/bin/../lib/gcc/avr/4.3.3/avr5\libgcc.a(_epilogue.o)
 .text          0x00000d72        0x0 d:/iti prep/ma/full embedded systems diploma arm/01- imt sdk/imt_sdk_win_64/imt_sdk_win_64/winavr/bin/../lib/gcc/avr/4.3.3/avr5\libgcc.a(_clz.o)
                0x00000d72                . = ALIGN (0x2)
 *(.text.*)
 .text.Timer_SetPrescaler
                0x00000d72       0x26 ./TIMERS/TIMERS_PRG.o
                0x00000d72                Timer_SetPrescaler
 .text.Timer_SetWaveMode
                0x00000d98       0x76 ./TIMERS/TIMERS_PRG.o
                0x00000d98                Timer_SetWaveMode
 .text.Timer_Init
                0x00000e0e       0x1a ./TIMERS/TIMERS_PRG.o
                0x00000e0e                Timer_Init
 .text.Timer_SetOverflow_Callback
                0x00000e28       0x3c ./TIMERS/TIMERS_PRG.o
                0x00000e28                Timer_SetOverflow_Callback
 .text.Timer_SetCTC_Callback
                0x00000e64       0x3c ./TIMERS/TIMERS_PRG.o
                0x00000e64                Timer_SetCTC_Callback
 .text.Timer_SetOVFRegister
                0x00000ea0       0x12 ./TIMERS/TIMERS_PRG.o
                0x00000ea0                Timer_SetOVFRegister
 .text.Timer_SetCTCRegister
                0x00000eb2       0x12 ./TIMERS/TIMERS_PRG.o
                0x00000eb2                Timer_SetCTCRegister
 .text.__vector_11
                0x00000ec4       0x52 ./TIMERS/TIMERS_PRG.o
                0x00000ec4                __vector_11
 .text.__vector_10
                0x00000f16       0x52 ./TIMERS/TIMERS_PRG.o
                0x00000f16                __vector_10
 .text.__vector_5
                0x00000f68       0x52 ./TIMERS/TIMERS_PRG.o
                0x00000f68                __vector_5
 .text.__vector_4
                0x00000fba       0x52 ./TIMERS/TIMERS_PRG.o
                0x00000fba                __vector_4
 .text.RTOS_CreateTask
                0x0000100c       0x24 ./RTOS/RTOS_PRG.o
                0x0000100c                RTOS_CreateTask
 .text.Scheduler
                0x00001030      0x13e ./RTOS/RTOS_PRG.o
                0x00001030                Scheduler
 .text.RTOS_Start
                0x0000116e       0x22 ./RTOS/RTOS_PRG.o
                0x0000116e                RTOS_Start
 .text.GIE_Enable
                0x00001190        0x8 ./GIE/GIE_PRG.o
                0x00001190                GIE_Enable
 .text.GIE_Disable
                0x00001198        0x8 ./GIE/GIE_PRG.o
                0x00001198                GIE_Disable
 .text.getPinNumber
                0x000011a0       0x22 ./DIO/DIO_PRG.o
 .text.getPortNumber
                0x000011c2       0x2e ./DIO/DIO_PRG.o
 .text.DIO_setPinDirection
                0x000011f0       0x9a ./DIO/DIO_PRG.o
                0x000011f0                DIO_setPinDirection
 .text.DIO_setPinValue
                0x0000128a       0x86 ./DIO/DIO_PRG.o
                0x0000128a                DIO_setPinValue
 .text.DIO_getPinValue
                0x00001310       0x42 ./DIO/DIO_PRG.o
                0x00001310                DIO_getPinValue
 .text.DIO_setPortDirection
                0x00001352       0x46 ./DIO/DIO_PRG.o
                0x00001352                DIO_setPortDirection
 .text.DIO_setPortValue
                0x00001398       0x1e ./DIO/DIO_PRG.o
                0x00001398                DIO_setPortValue
 .text.task3    0x000013b6        0xa ./main.o
                0x000013b6                task3
 .text.task2    0x000013c0        0xa ./main.o
                0x000013c0                task2
 .text.task1    0x000013ca        0xa ./main.o
                0x000013ca                task1
 .text.main     0x000013d4       0x70 ./main.o
                0x000013d4                main
 .text.libgcc   0x00001444        0x0 d:/iti prep/ma/full embedded systems diploma arm/01- imt sdk/imt_sdk_win_64/imt_sdk_win_64/winavr/bin/../lib/gcc/avr/4.3.3/avr5\libgcc.a(_exit.o)
 .text.libgcc   0x00001444        0x0 d:/iti prep/ma/full embedded systems diploma arm/01- imt sdk/imt_sdk_win_64/imt_sdk_win_64/winavr/bin/../lib/gcc/avr/4.3.3/avr5\libgcc.a(_copy_data.o)
 .text.libgcc   0x00001444        0x0 d:/iti prep/ma/full embedded systems diploma arm/01- imt sdk/imt_sdk_win_64/imt_sdk_win_64/winavr/bin/../lib/gcc/avr/4.3.3/avr5\libgcc.a(_clear_bss.o)
 .text.libgcc   0x00001444       0x3e d:/iti prep/ma/full embedded systems diploma arm/01- imt sdk/imt_sdk_win_64/imt_sdk_win_64/winavr/bin/../lib/gcc/avr/4.3.3/avr5\libgcc.a(_mulsi3.o)
                0x00001444                __mulsi3
 .text.libgcc   0x00001482       0x44 d:/iti prep/ma/full embedded systems diploma arm/01- imt sdk/imt_sdk_win_64/imt_sdk_win_64/winavr/bin/../lib/gcc/avr/4.3.3/avr5\libgcc.a(_udivmodsi4.o)
                0x00001482                __udivmodsi4
 .text.libgcc   0x000014c6       0x38 d:/iti prep/ma/full embedded systems diploma arm/01- imt sdk/imt_sdk_win_64/imt_sdk_win_64/winavr/bin/../lib/gcc/avr/4.3.3/avr5\libgcc.a(_prologue.o)
                0x000014c6                __prologue_saves__
 .text.libgcc   0x000014fe       0x36 d:/iti prep/ma/full embedded systems diploma arm/01- imt sdk/imt_sdk_win_64/imt_sdk_win_64/winavr/bin/../lib/gcc/avr/4.3.3/avr5\libgcc.a(_epilogue.o)
                0x000014fe                __epilogue_restores__
                0x00001534                . = ALIGN (0x2)
 *(.fini9)
 .fini9         0x00001534        0x0 d:/iti prep/ma/full embedded systems diploma arm/01- imt sdk/imt_sdk_win_64/imt_sdk_win_64/winavr/bin/../lib/gcc/avr/4.3.3/avr5\libgcc.a(_exit.o)
                0x00001534                exit
                0x00001534                _exit
 *(.fini9)
 *(.fini8)
 *(.fini8)
 *(.fini7)
 *(.fini7)
 *(.fini6)
 *(.fini6)
 *(.fini5)
 *(.fini5)
 *(.fini4)
 *(.fini4)
 *(.fini3)
 *(.fini3)
 *(.fini2)
 *(.fini2)
 *(.fini1)
 *(.fini1)
 *(.fini0)
 .fini0         0x00001534        0x4 d:/iti prep/ma/full embedded systems diploma arm/01- imt sdk/imt_sdk_win_64/imt_sdk_win_64/winavr/bin/../lib/gcc/avr/4.3.3/avr5\libgcc.a(_exit.o)
 *(.fini0)
                0x00001538                _etext = .

.data           0x00800060      0x128 load address 0x00001538
                0x00800060                PROVIDE (__data_start, .)
 *(.data)
 .data          0x00800060        0x0 d:/iti prep/ma/full embedded systems diploma arm/01- imt sdk/imt_sdk_win_64/imt_sdk_win_64/winavr/bin/../lib/gcc/avr/4.3.3/../../../../avr/lib/avr5/crtm32.o
 .data          0x00800060        0x0 ./TIMERS/TIMERS_PRG.o
 .data          0x00800060        0x0 ./RTOS/RTOS_PRG.o
 .data          0x00800060        0x0 ./GIE/GIE_PRG.o
 .data          0x00800060        0x0 ./DIO/DIO_PRG.o
 .data          0x00800060        0x0 ./main.o
 .data          0x00800060        0x0 d:/iti prep/ma/full embedded systems diploma arm/01- imt sdk/imt_sdk_win_64/imt_sdk_win_64/winavr/bin/../lib/gcc/avr/4.3.3/avr5\libgcc.a(_exit.o)
 .data          0x00800060        0x0 d:/iti prep/ma/full embedded systems diploma arm/01- imt sdk/imt_sdk_win_64/imt_sdk_win_64/winavr/bin/../lib/gcc/avr/4.3.3/avr5\libgcc.a(_copy_data.o)
 .data          0x00800060        0x0 d:/iti prep/ma/full embedded systems diploma arm/01- imt sdk/imt_sdk_win_64/imt_sdk_win_64/winavr/bin/../lib/gcc/avr/4.3.3/avr5\libgcc.a(_clear_bss.o)
 .data          0x00800060        0x0 d:/iti prep/ma/full embedded systems diploma arm/01- imt sdk/imt_sdk_win_64/imt_sdk_win_64/winavr/bin/../lib/gcc/avr/4.3.3/avr5\libgcc.a(_umoddi3.o)
 .data          0x00800060        0x0 d:/iti prep/ma/full embedded systems diploma arm/01- imt sdk/imt_sdk_win_64/imt_sdk_win_64/winavr/bin/../lib/gcc/avr/4.3.3/avr5\libgcc.a(_mulsi3.o)
 .data          0x00800060        0x0 d:/iti prep/ma/full embedded systems diploma arm/01- imt sdk/imt_sdk_win_64/imt_sdk_win_64/winavr/bin/../lib/gcc/avr/4.3.3/avr5\libgcc.a(_udivmodsi4.o)
 .data          0x00800060        0x0 d:/iti prep/ma/full embedded systems diploma arm/01- imt sdk/imt_sdk_win_64/imt_sdk_win_64/winavr/bin/../lib/gcc/avr/4.3.3/avr5\libgcc.a(_prologue.o)
 .data          0x00800060        0x0 d:/iti prep/ma/full embedded systems diploma arm/01- imt sdk/imt_sdk_win_64/imt_sdk_win_64/winavr/bin/../lib/gcc/avr/4.3.3/avr5\libgcc.a(_epilogue.o)
 .data          0x00800060      0x100 d:/iti prep/ma/full embedded systems diploma arm/01- imt sdk/imt_sdk_win_64/imt_sdk_win_64/winavr/bin/../lib/gcc/avr/4.3.3/avr5\libgcc.a(_clz.o)
                0x00800060                __clz_tab
 *(.data*)
 .data.DIO_Registers
                0x00800160       0x18 ./DIO/DIO_PRG.o
                0x00800160                DIO_Registers
 *(.rodata)
 *(.rodata*)
 .rodata.C.2.1275
                0x00800178        0x5 ./main.o
 .rodata.C.1.1274
                0x0080017d        0x5 ./main.o
 .rodata.C.0.1273
                0x00800182        0x5 ./main.o
 *(.gnu.linkonce.d*)
                0x00800188                . = ALIGN (0x2)
 *fill*         0x00800187        0x1 00
                0x00800188                _edata = .
                0x00800188                PROVIDE (__data_end, .)

.bss            0x00800188       0x24
                0x00800188                PROVIDE (__bss_start, .)
 *(.bss)
 .bss           0x00800188        0x0 d:/iti prep/ma/full embedded systems diploma arm/01- imt sdk/imt_sdk_win_64/imt_sdk_win_64/winavr/bin/../lib/gcc/avr/4.3.3/../../../../avr/lib/avr5/crtm32.o
 .bss           0x00800188        0x0 ./TIMERS/TIMERS_PRG.o
 .bss           0x00800188        0x0 ./RTOS/RTOS_PRG.o
 .bss           0x00800188        0x0 ./GIE/GIE_PRG.o
 .bss           0x00800188        0x0 ./DIO/DIO_PRG.o
 .bss           0x00800188        0x0 ./main.o
 .bss           0x00800188        0x0 d:/iti prep/ma/full embedded systems diploma arm/01- imt sdk/imt_sdk_win_64/imt_sdk_win_64/winavr/bin/../lib/gcc/avr/4.3.3/avr5\libgcc.a(_exit.o)
 .bss           0x00800188        0x0 d:/iti prep/ma/full embedded systems diploma arm/01- imt sdk/imt_sdk_win_64/imt_sdk_win_64/winavr/bin/../lib/gcc/avr/4.3.3/avr5\libgcc.a(_copy_data.o)
 .bss           0x00800188        0x0 d:/iti prep/ma/full embedded systems diploma arm/01- imt sdk/imt_sdk_win_64/imt_sdk_win_64/winavr/bin/../lib/gcc/avr/4.3.3/avr5\libgcc.a(_clear_bss.o)
 .bss           0x00800188        0x0 d:/iti prep/ma/full embedded systems diploma arm/01- imt sdk/imt_sdk_win_64/imt_sdk_win_64/winavr/bin/../lib/gcc/avr/4.3.3/avr5\libgcc.a(_umoddi3.o)
 .bss           0x00800188        0x0 d:/iti prep/ma/full embedded systems diploma arm/01- imt sdk/imt_sdk_win_64/imt_sdk_win_64/winavr/bin/../lib/gcc/avr/4.3.3/avr5\libgcc.a(_mulsi3.o)
 .bss           0x00800188        0x0 d:/iti prep/ma/full embedded systems diploma arm/01- imt sdk/imt_sdk_win_64/imt_sdk_win_64/winavr/bin/../lib/gcc/avr/4.3.3/avr5\libgcc.a(_udivmodsi4.o)
 .bss           0x00800188        0x0 d:/iti prep/ma/full embedded systems diploma arm/01- imt sdk/imt_sdk_win_64/imt_sdk_win_64/winavr/bin/../lib/gcc/avr/4.3.3/avr5\libgcc.a(_prologue.o)
 .bss           0x00800188        0x0 d:/iti prep/ma/full embedded systems diploma arm/01- imt sdk/imt_sdk_win_64/imt_sdk_win_64/winavr/bin/../lib/gcc/avr/4.3.3/avr5\libgcc.a(_epilogue.o)
 .bss           0x00800188        0x0 d:/iti prep/ma/full embedded systems diploma arm/01- imt sdk/imt_sdk_win_64/imt_sdk_win_64/winavr/bin/../lib/gcc/avr/4.3.3/avr5\libgcc.a(_clz.o)
 *(.bss*)
 .bss.TIMERS_NORMAL_ISR
                0x00800188        0x4 ./TIMERS/TIMERS_PRG.o
                0x00800188                TIMERS_NORMAL_ISR
 .bss.TIMERS_CTC_ISR
                0x0080018c        0x4 ./TIMERS/TIMERS_PRG.o
                0x0080018c                TIMERS_CTC_ISR
 .bss.SystemsTasks
                0x00800190       0x14 ./RTOS/RTOS_PRG.o
                0x00800190                SystemsTasks
 .bss.tickCounter.1258
                0x008001a4        0x8 ./RTOS/RTOS_PRG.o
 *(COMMON)
                0x008001ac                PROVIDE (__bss_end, .)
                0x00001538                __data_load_start = LOADADDR (.data)
                0x00001660                __data_load_end = (__data_load_start + SIZEOF (.data))

.noinit         0x008001ac        0x0
                0x008001ac                PROVIDE (__noinit_start, .)
 *(.noinit*)
                0x008001ac                PROVIDE (__noinit_end, .)
                0x008001ac                _end = .
                0x008001ac                PROVIDE (__heap_start, .)

.eeprom         0x00810000        0x0
 *(.eeprom*)
                0x00810000                __eeprom_end = .

.fuse
 *(.fuse)
 *(.lfuse)
 *(.hfuse)
 *(.efuse)

.lock
 *(.lock*)

.signature
 *(.signature*)

.stab
 *(.stab)

.stabstr
 *(.stabstr)

.stab.excl
 *(.stab.excl)

.stab.exclstr
 *(.stab.exclstr)

.stab.index
 *(.stab.index)

.stab.indexstr
 *(.stab.indexstr)

.comment
 *(.comment)

.debug
 *(.debug)

.line
 *(.line)

.debug_srcinfo
 *(.debug_srcinfo)

.debug_sfnames
 *(.debug_sfnames)

.debug_aranges  0x00000000       0x20
 *(.debug_aranges)
 .debug_aranges
                0x00000000       0x20 d:/iti prep/ma/full embedded systems diploma arm/01- imt sdk/imt_sdk_win_64/imt_sdk_win_64/winavr/bin/../lib/gcc/avr/4.3.3/avr5\libgcc.a(_umoddi3.o)

.debug_pubnames
                0x00000000       0x40
 *(.debug_pubnames)
 .debug_pubnames
                0x00000000       0x20 d:/iti prep/ma/full embedded systems diploma arm/01- imt sdk/imt_sdk_win_64/imt_sdk_win_64/winavr/bin/../lib/gcc/avr/4.3.3/avr5\libgcc.a(_umoddi3.o)
 .debug_pubnames
                0x00000020       0x20 d:/iti prep/ma/full embedded systems diploma arm/01- imt sdk/imt_sdk_win_64/imt_sdk_win_64/winavr/bin/../lib/gcc/avr/4.3.3/avr5\libgcc.a(_clz.o)

.debug_info     0x00000000      0x800
 *(.debug_info)
 .debug_info    0x00000000      0x757 d:/iti prep/ma/full embedded systems diploma arm/01- imt sdk/imt_sdk_win_64/imt_sdk_win_64/winavr/bin/../lib/gcc/avr/4.3.3/avr5\libgcc.a(_umoddi3.o)
 .debug_info    0x00000757       0xa9 d:/iti prep/ma/full embedded systems diploma arm/01- imt sdk/imt_sdk_win_64/imt_sdk_win_64/winavr/bin/../lib/gcc/avr/4.3.3/avr5\libgcc.a(_clz.o)
 *(.gnu.linkonce.wi.*)

.debug_abbrev   0x00000000      0x1fa
 *(.debug_abbrev)
 .debug_abbrev  0x00000000      0x190 d:/iti prep/ma/full embedded systems diploma arm/01- imt sdk/imt_sdk_win_64/imt_sdk_win_64/winavr/bin/../lib/gcc/avr/4.3.3/avr5\libgcc.a(_umoddi3.o)
 .debug_abbrev  0x00000190       0x6a d:/iti prep/ma/full embedded systems diploma arm/01- imt sdk/imt_sdk_win_64/imt_sdk_win_64/winavr/bin/../lib/gcc/avr/4.3.3/avr5\libgcc.a(_clz.o)

.debug_line     0x00000000      0x2ac
 *(.debug_line)
 .debug_line    0x00000000      0x230 d:/iti prep/ma/full embedded systems diploma arm/01- imt sdk/imt_sdk_win_64/imt_sdk_win_64/winavr/bin/../lib/gcc/avr/4.3.3/avr5\libgcc.a(_umoddi3.o)
 .debug_line    0x00000230       0x7c d:/iti prep/ma/full embedded systems diploma arm/01- imt sdk/imt_sdk_win_64/imt_sdk_win_64/winavr/bin/../lib/gcc/avr/4.3.3/avr5\libgcc.a(_clz.o)

.debug_frame    0x00000000       0x20
 *(.debug_frame)
 .debug_frame   0x00000000       0x20 d:/iti prep/ma/full embedded systems diploma arm/01- imt sdk/imt_sdk_win_64/imt_sdk_win_64/winavr/bin/../lib/gcc/avr/4.3.3/avr5\libgcc.a(_umoddi3.o)

.debug_str      0x00000000      0x13d
 *(.debug_str)
 .debug_str     0x00000000      0x13d d:/iti prep/ma/full embedded systems diploma arm/01- imt sdk/imt_sdk_win_64/imt_sdk_win_64/winavr/bin/../lib/gcc/avr/4.3.3/avr5\libgcc.a(_umoddi3.o)
                                0x18a (size before relaxing)
 .debug_str     0x00000000       0xf4 d:/iti prep/ma/full embedded systems diploma arm/01- imt sdk/imt_sdk_win_64/imt_sdk_win_64/winavr/bin/../lib/gcc/avr/4.3.3/avr5\libgcc.a(_clz.o)

.debug_loc      0x00000000      0xab2
 *(.debug_loc)
 .debug_loc     0x00000000      0xab2 d:/iti prep/ma/full embedded systems diploma arm/01- imt sdk/imt_sdk_win_64/imt_sdk_win_64/winavr/bin/../lib/gcc/avr/4.3.3/avr5\libgcc.a(_umoddi3.o)

.debug_macinfo
 *(.debug_macinfo)
OUTPUT(RTOS_TEST.elf elf32-avr)
LOAD linker stubs

.debug_ranges   0x00000000       0x18
 .debug_ranges  0x00000000       0x18 d:/iti prep/ma/full embedded systems diploma arm/01- imt sdk/imt_sdk_win_64/imt_sdk_win_64/winavr/bin/../lib/gcc/avr/4.3.3/avr5\libgcc.a(_umoddi3.o)
